{
    "result": {
        "url": "https://github.com/khulnasoft/devtool",
        "repoName": "devtool",
        "configurationId": "123",
        "configurationName": "Devtool"
    },
    "err": ""
}
